.test {
    a: url(../c/d.html);
    b: url('../c/d.html');
    c: url("../c/d.html");
}
