<html>
  <head>
    <meta http-equiv="Content-Type" content="text/html;charset=UTF-8" />
  </head>
  <a href="../c/d.html">THIS IS LINK</a>
  <img src="../c/d.html" />
</html>
